[{"stream_name":"stderr","time":6.233526755,"data":"/usr/local/lib/python3.12/dist-packages/nbformat/__init__.py:96: MissingIDFieldWarning: Cell is missing an id field, this will become a hard error in future nbformat versions. You may want to use `normalize()` on your notebooks before validations (available since nbformat 5.1.4). Previous versions of nbformat are fixing this issue transparently, and will stop doing so in the future.\n"}
,{"stream_name":"stderr","time":6.233601337,"data":"  validate(nb)\n"}
,{"stream_name":"stderr","time":7.095418081,"data":"0.00s - Debugger warning: It seems that frozen modules are being used, which may\n"}
,{"stream_name":"stderr","time":7.095448616,"data":"0.00s - make the debugger miss breakpoints. Please pass -Xfrozen_modules=off\n"}
,{"stream_name":"stderr","time":7.095458339,"data":"0.00s - to python to disable frozen modules.\n"}
,{"stream_name":"stderr","time":7.095461292,"data":"0.00s - Note: Debugging will proceed. Set PYDEVD_DISABLE_FILE_VALIDATION=1 to disable this validation.\n"}
,{"stream_name":"stderr","time":7.677085472,"data":"0.00s - Debugger warning: It seems that frozen modules are being used, which may\n"}
,{"stream_name":"stderr","time":7.677113976,"data":"0.00s - make the debugger miss breakpoints. Please pass -Xfrozen_modules=off\n"}
,{"stream_name":"stderr","time":7.6771188200000005,"data":"0.00s - to python to disable frozen modules.\n"}
,{"stream_name":"stderr","time":7.677122916,"data":"0.00s - Note: Debugging will proceed. Set PYDEVD_DISABLE_FILE_VALIDATION=1 to disable this validation.\n"}
,{"stream_name":"stdout","time":8.772472859,"data":"+ nvidia-smi --query-gpu=index,name,memory.total --format=csv,noheader\n"}
,{"stream_name":"stdout","time":8.811223333000001,"data":"0, Tesla T4, 15360 MiB\n"}
,{"stream_name":"stdout","time":8.811259308,"data":"1, Tesla T4, 15360 MiB\n"}
,{"stream_name":"stdout","time":8.811263837,"data":"\n"}
,{"stream_name":"stdout","time":12.921270283,"data":"+ git clone --depth 1 --branch v0.26.0 https://github.com/Comfy-Org/ComfyUI.git /kaggle/working/ComfyUI-kaapav\n"}
,{"stream_name":"stdout","time":14.599204351000001,"data":"+ git rev-parse --short HEAD\n"}
,{"stream_name":"stdout","time":14.604325112,"data":"f6c162d\n"}
,{"stream_name":"stdout","time":14.604348209,"data":"\n"}
,{"stream_name":"stdout","time":14.605286871,"data":"+ /usr/bin/python3 -m pip install --disable-pip-version-check -q -r /kaggle/working/ComfyUI-kaapav/requirements.txt\n"}
,{"stream_name":"stdout","time":33.993424124,"data":"   ━━━━━━━━━━━━━━━━━━━━━━━━━━━━━━━━━━━━━━━━ 26.6/26.6 MB 52.7 MB/s eta 0:00:00\n"}
,{"stream_name":"stdout","time":33.993479607,"data":"   ━━━━━━━━━━━━━━━━━━━━━━━━━━━━━━━━━━━━━━━━ 15.3/15.3 MB 77.7 MB/s eta 0:00:00\n"}
,{"stream_name":"stdout","time":33.993486085,"data":"   ━━━━━━━━━━━━━━━━━━━━━━━━━━━━━━━━━━━━━━━━ 3.7/3.7 MB 90.7 MB/s eta 0:00:00\n"}
,{"stream_name":"stdout","time":33.993490865,"data":"   ━━━━━━━━━━━━━━━━━━━━━━━━━━━━━━━━━━━━━━━━ 346.8/346.8 kB 24.8 MB/s eta 0:00:00\n"}
,{"stream_name":"stdout","time":33.993496406,"data":"   ━━━━━━━━━━━━━━━━━━━━━━━━━━━━━━━━━━━━━━━━ 63.5/63.5 kB 5.0 MB/s eta 0:00:00\n"}
,{"stream_name":"stdout","time":33.993500295,"data":"   ━━━━━━━━━━━━━━━━━━━━━━━━━━━━━━━━━━━━━━━━ 95.2/95.2 MB 18.3 MB/s eta 0:00:00\n"}
,{"stream_name":"stdout","time":33.993504261,"data":"   ━━━━━━━━━━━━━━━━━━━━━━━━━━━━━━━━━━━━━━━━ 90.2/90.2 MB 19.6 MB/s eta 0:00:00\n"}
,{"stream_name":"stdout","time":33.993521738,"data":"   ━━━━━━━━━━━━━━━━━━━━━━━━━━━━━━━━━━━━━━━━ 87.6/87.6 MB 21.2 MB/s eta 0:00:00\n"}
,{"stream_name":"stdout","time":33.993525943,"data":"   ━━━━━━━━━━━━━━━━━━━━━━━━━━━━━━━━━━━━━━━━ 92.2/92.2 MB 18.9 MB/s eta 0:00:00\n"}
,{"stream_name":"stdout","time":33.993529793,"data":"   ━━━━━━━━━━━━━━━━━━━━━━━━━━━━━━━━━━━━━━━━ 61.2/61.2 kB 4.9 MB/s eta 0:00:00\n"}
,{"stream_name":"stdout","time":33.993533628,"data":"   ━━━━━━━━━━━━━━━━━━━━━━━━━━━━━━━━━━━━━━━━ 35.5/35.5 MB 44.4 MB/s eta 0:00:00\n"}
,{"stream_name":"stdout","time":33.993537516,"data":"   ━━━━━━━━━━━━━━━━━━━━━━━━━━━━━━━━━━━━━━━━ 320.8/320.8 kB 25.2 MB/s eta 0:00:00\n"}
,{"stream_name":"stdout","time":33.993544462,"data":"   ━━━━━━━━━━━━━━━━━━━━━━━━━━━━━━━━━━━━━━━━ 248.5/248.5 kB 16.4 MB/s eta 0:00:00\n"}
,{"stream_name":"stdout","time":33.993551049,"data":"\n"}
,{"stream_name":"stderr","time":34.228850804,"data":"Traceback (most recent call last):\n"}
,{"stream_name":"stderr","time":34.228876837,"data":"  File \"\u003cstring\u003e\", line 1, in \u003cmodule\u003e\n"}
,{"stream_name":"stderr","time":34.228882404,"data":"  File \"/usr/local/lib/python3.12/dist-packages/papermill/execute.py\", line 131, in execute_notebook\n"}
,{"stream_name":"stderr","time":34.228998637,"data":"    raise_for_execution_errors(nb, output_path)\n"}
,{"stream_name":"stderr","time":34.229012849,"data":"  File \"/usr/local/lib/python3.12/dist-packages/papermill/execute.py\", line 251, in raise_for_execution_errors\n"}
,{"stream_name":"stderr","time":34.229219973,"data":"    raise error\n"}
,{"stream_name":"stderr","time":34.229353765,"data":"papermill.exceptions.PapermillExecutionError: \n"}
,{"stream_name":"stderr","time":34.22936092,"data":"---------------------------------------------------------------------------\n"}
,{"stream_name":"stderr","time":34.229364778,"data":"Exception encountered at \"In [1]\":\n"}
,{"stream_name":"stderr","time":34.229368025,"data":"---------------------------------------------------------------------------\n"}
,{"stream_name":"stderr","time":34.229371473,"data":"FileNotFoundError                         Traceback (most recent call last)\n"}
,{"stream_name":"stderr","time":34.229374698,"data":"/tmp/ipykernel_23/2826798153.py in \u003ccell line: 0\u003e()\n"}
,{"stream_name":"stderr","time":34.22937853,"data":"    222 \n"}
,{"stream_name":"stderr","time":34.229381667,"data":"    223 if __name__ == \"__main__\":\n"}
,{"stream_name":"stderr","time":34.229385081,"data":"--\u003e 224     main()\n"}
,{"stream_name":"stderr","time":34.229388477,"data":"\n"}
,{"stream_name":"stderr","time":34.22939197,"data":"/tmp/ipykernel_23/2826798153.py in main()\n"}
,{"stream_name":"stderr","time":34.229395588,"data":"    173         models = find_models()\n"}
,{"stream_name":"stderr","time":34.229399298,"data":"    174         cloudflared = find_cloudflared()\n"}
,{"stream_name":"stderr","time":34.229403134,"data":"--\u003e 175         prepare_comfy(models)\n"}
,{"stream_name":"stderr","time":34.2294068,"data":"    176 \n"}
,{"stream_name":"stderr","time":34.22942058,"data":"    177         from kaggle_secrets import UserSecretsClient\n"}
,{"stream_name":"stderr","time":34.229424151,"data":"\n"}
,{"stream_name":"stderr","time":34.229427068,"data":"/tmp/ipykernel_23/2826798153.py in prepare_comfy(models)\n"}
,{"stream_name":"stderr","time":34.229430341,"data":"    117         expected = source / filename\n"}
,{"stream_name":"stderr","time":34.229433599,"data":"    118         if not expected.exists():\n"}
,{"stream_name":"stderr","time":34.229436873,"data":"--\u003e 119             raise FileNotFoundError(f\"Required model missing: {expected}\")\n"}
,{"stream_name":"stderr","time":34.22944061,"data":"    120         target = COMFY / \"models\" / folder\n"}
,{"stream_name":"stderr","time":34.22944385,"data":"    121         if target.exists() or target.is_symlink():\n"}
,{"stream_name":"stderr","time":34.229447312,"data":"\n"}
,{"stream_name":"stderr","time":34.229450628,"data":"FileNotFoundError: Required model missing: /kaggle/input/datasets/kaapav/kaapav-models/diffusion_models/wan2.1_i2v_480p_14B_fp8_e4m3fn.safetensors\n"}
,{"stream_name":"stderr","time":34.22945415,"data":"\n"}
,{"stream_name":"stderr","time":36.361019376,"data":"/usr/local/lib/python3.12/dist-packages/mistune.py:435: SyntaxWarning: invalid escape sequence '\\|'\n"}
,{"stream_name":"stderr","time":36.361053931,"data":"  cells[i][c] = re.sub('\\\\\\\\\\|', '|', cell)\n"}
,{"stream_name":"stderr","time":36.515487133,"data":"/usr/local/lib/python3.12/dist-packages/nbconvert/filters/filter_links.py:36: SyntaxWarning: invalid escape sequence '\\_'\n"}
,{"stream_name":"stderr","time":36.515514626,"data":"  text = re.sub(r'_', '\\_', text) # Escape underscores in display text\n"}
,{"stream_name":"stderr","time":37.15314537,"data":"[NbConvertApp] Converting notebook __notebook__.ipynb to notebook\n"}
,{"stream_name":"stderr","time":37.451248515,"data":"[NbConvertApp] Writing 17789 bytes to __notebook__.ipynb\n"}
,{"stream_name":"stderr","time":39.766586162,"data":"[NbConvertApp] Converting notebook __notebook__.ipynb to html\n"}
,{"stream_name":"stderr","time":40.562632978,"data":"[NbConvertApp] Writing 319069 bytes to __results__.html\n"}
]